{
    "submitted_at": "2026-10-08 15:33:22",
    "recipient": "info@gregdeskin.com",
    "sender": "info@gregdeskin.com",
    "sender_name": "Greg Deskin Website",
    "reply_to_name": "IN JAM IFTA KHAR NUR",
    "reply_to_email": "injammahin5507@gmail.com",
    "subject": "New consultation time request | GregDeskin.com",
    "form_type": "schedule",
    "source_page": "/",
    "fields": [
        [
            "Full name",
            "IN JAM IFTA KHAR NUR"
        ],
        [
            "Email",
            "injammahin5507@gmail.com"
        ],
        [
            "Preferred date",
            "2026-10-09"
        ],
        [
            "Preferred time",
            "Afternoon"
        ],
        [
            "Discussion",
            "sdsdssdsdsd"
        ],
        [
            "Source page",
            "/"
        ]
    ]
}

